    Blocking waiting for file lock on package cache
    Blocking waiting for file lock on package cache
    Blocking waiting for file lock on package cache
    Blocking waiting for file lock on package cache
    Blocking waiting for file lock on build directory
   Compiling unicode-ident v1.0.24
   Compiling proc-macro2 v1.0.107
   Compiling quote v1.0.47
   Compiling cfg-if v1.0.4
   Compiling libc v0.2.189
   Compiling shlex v2.0.1
   Compiling find-msvc-tools v0.1.11
   Compiling once_cell v1.21.4
   Compiling pin-project-lite v0.2.17
   Compiling smallvec v1.16.0
   Compiling bytes v1.12.1
   Compiling bitflags v2.13.1
   Compiling log v0.4.34
   Compiling serde_core v1.0.229
   Compiling itoa v1.0.18
   Compiling futures-core v0.3.34
   Compiling either v1.18.0
   Compiling equivalent v1.0.2
   Compiling stable_deref_trait v1.2.1
   Compiling parking_lot_core v0.9.12
   Compiling autocfg v1.5.1
   Compiling scopeguard v1.2.0
   Compiling lock_api v0.4.14
   Compiling futures-sink v0.3.34
   Compiling pkg-config v0.3.34
   Compiling slab v0.4.12
   Compiling foldhash v0.2.0
   Compiling version_check v0.9.5
   Compiling serde v1.0.229
   Compiling tracing-core v0.1.36
   Compiling futures-task v0.3.34
   Compiling anyhow v1.0.104
   Compiling memchr v2.8.3
   Compiling rustversion v1.0.23
   Compiling generic-array v0.14.7
   Compiling fnv v1.0.7
   Compiling writeable v0.6.4
   Compiling syn v2.0.119
   Compiling syn v3.0.4
   Compiling errno v0.3.14
   Compiling getrandom v0.2.17
   Compiling rand_core v0.6.4
   Compiling parking_lot v0.12.5
   Compiling signal-hook-registry v1.4.8
   Compiling jobserver v0.1.35
   Compiling mio v1.2.3
   Compiling socket2 v0.6.5
   Compiling cc v1.4.4
   Compiling typenum v1.20.1
   Compiling fastrand v2.5.0
   Compiling litemap v0.8.3
   Compiling core-foundation-sys v0.8.7
   Compiling rand_core v0.10.1
   Compiling getrandom v0.4.3
   Compiling utf8_iter v1.0.4
   Compiling num-traits v0.2.19
   Compiling zerocopy v0.8.56
   Compiling icu_normalizer_data v2.3.0
   Compiling icu_properties_data v2.3.0
   Compiling hashbrown v0.17.1
   Compiling http v1.5.0
   Compiling crypto-common v0.1.7
   Compiling itertools v0.14.0
   Compiling heck v0.5.0
   Compiling prettyplease v0.2.37
   Compiling regex-syntax v0.8.11
   Compiling rustix v1.1.4
   Compiling synstructure v0.13.2
   Compiling itertools v0.12.1
   Compiling utf16_iter v1.0.5
   Compiling write16 v1.0.0
   Compiling subtle v2.6.1
   Compiling time-core v0.1.9
   Compiling byteorder v1.5.0
   Compiling num-conv v0.2.2
   Compiling time-macros v0.2.32
   Compiling indexmap v2.14.1
   Compiling serde_derive v1.0.229
   Compiling futures-macro v0.3.34
   Compiling zerofrom-derive v0.1.7
   Compiling yoke-derive v0.8.2
   Compiling tracing-attributes v0.1.31
   Compiling futures-util v0.3.34
   Compiling zerovec-derive v0.11.6
   Compiling displaydoc v0.2.7
   Compiling tokio-macros v2.7.2
   Compiling zerofrom v0.1.8
   Compiling async-trait v0.1.92
   Compiling zeroize_derive v1.5.0
   Compiling tracing v0.1.44
   Compiling yoke v0.8.3
   Compiling tokio v1.53.1
   Compiling regex-automata v0.4.18
   Compiling deranged v0.5.8
   Compiling zeroize v1.9.0
   Compiling ppv-lite86 v0.2.21
   Compiling aho-corasick v1.1.5
   Compiling httparse v1.10.1
   Compiling zmij v1.0.23
   Compiling zerovec v0.11.8
   Compiling zerotrie v0.2.5
   Compiling crossbeam-utils v0.8.22
   Compiling powerfmt v0.2.0
   Compiling time v0.3.55
   Compiling regex v1.13.1
   Compiling zstd-sys v2.0.16+zstd.1.5.7
   Compiling cpufeatures v0.2.17
   Compiling lazy_static v1.5.0
   Compiling percent-encoding v2.3.2
   Compiling base64 v0.22.1
   Compiling serde_json v1.0.151
   Compiling minimal-lexical v0.2.1
   Compiling tower-service v0.3.3
   Compiling tinystr v0.8.4
   Compiling icu_locale_core v2.3.0
   Compiling potential_utf v0.1.6
   Compiling icu_collections v2.3.0
   Compiling rustls-pki-types v1.15.1
   Compiling tempfile v3.27.0
   Compiling thiserror v2.0.20
   Compiling tokio-util v0.7.19
   Compiling icu_provider v2.3.1
   Compiling crunchy v0.2.4
   Compiling semver v1.0.28
   Compiling icu_normalizer v2.3.0
   Compiling icu_properties v2.3.0
   Compiling rustc_version v0.4.1
   Compiling prost-derive v0.14.4
   Compiling thiserror-impl v2.0.20
   Compiling crossbeam-epoch v0.9.20
   Compiling getrandom v0.3.4
   Compiling ident_case v1.0.1
   Compiling zstd-safe v7.2.4
   Compiling strsim v0.11.1
   Compiling darling_core v0.24.1
   Compiling chacha20 v0.10.2
   Compiling ownedbytes v0.9.0
   Compiling try-lock v0.2.5
   Compiling crossbeam-deque v0.8.7
   Compiling icu_locale_fallback_data v2.3.0
   Compiling typeid v1.0.3
   Compiling glob v0.3.4
   Compiling prettyplease v0.3.0
   Compiling clang-sys v1.9.1
   Compiling want v0.3.1
   Compiling rand v0.10.2
   Compiling tantivy-common v0.11.0
   Compiling bitpacking v0.9.3
   Compiling matchers v0.2.0
   Compiling sharded-slab v0.1.7
   Compiling num-integer v0.1.47
   Compiling inout v0.1.4
   Compiling tracing-log v0.2.0
   Compiling futures-channel v0.3.34
   Compiling thread_local v1.1.10
   Compiling libloading v0.8.9
   Compiling rayon-core v1.13.0
   Compiling rustix v0.38.44
   Compiling tower-layer v0.3.3
   Compiling libm v0.2.16
   Compiling ryu v1.0.23
   Compiling erased-serde v0.4.10
   Compiling httpdate v1.0.3
   Compiling untrusted v0.9.0
   Compiling utf8-ranges v1.0.5
   Compiling nu-ansi-term v0.50.3
   Compiling tantivy-fst v0.5.0
   Compiling tracing-subscriber v0.3.23
   Compiling darling_macro v0.24.1
   Compiling darling v0.24.1
   Compiling num-bigint v0.4.8
   Compiling cipher v0.4.4
   Compiling tantivy-bitpacker v0.10.0
   Compiling form_urlencoded v1.2.2
   Compiling bytemuck_derive v1.12.0
   Compiling universal-hash v0.5.1
   Compiling ring v0.17.14
   Compiling cmake v0.1.58
   Compiling iana-time-zone v0.1.65
   Compiling memoffset v0.9.1
   Compiling typetag v0.2.23
   Compiling sha1_smol v1.0.1
   Compiling crc32fast v1.5.1
   Compiling murmurhash32 v0.3.1
   Compiling dunce v1.0.5
   Compiling multimap v0.10.1
   Compiling icu_locale_data v2.3.0
   Compiling fs_extra v1.3.0
   Compiling allocator-api2 v0.2.21
   Compiling icu_collator_data v2.3.0
   Compiling opaque-debug v0.3.1
   Compiling polyval v0.6.2
   Compiling aws-lc-sys v0.45.0
   Compiling tantivy-stacker v0.7.0
   Compiling bytemuck v1.25.2
   Compiling hashbrown v0.16.1
   Compiling bon-macros v3.10.0
   Compiling nom v7.1.3
   Compiling uuid v1.26.0
   Compiling chrono v0.4.45
   Compiling icu_locale_fallback v2.3.0
   Compiling rand_core v0.9.5
   Compiling idna_adapter v1.2.2
   Compiling crc32c v0.6.8
   Compiling branches v0.4.6
   Compiling crossbeam-channel v0.5.16
   Compiling prost-derive v0.12.6
   Compiling strum_macros v0.26.4
   Compiling turso_macros v0.7.2
   Compiling miette-derive v7.6.0
   Compiling typetag-impl v0.2.23
   Compiling ordered-float v5.5.0
   Compiling http-body v1.1.0
   Compiling simsimd v6.5.16
   Compiling aegis v0.9.15
   Compiling uncased v0.9.10
   Compiling bigdecimal v0.4.10
   Compiling cfg_aliases v0.2.2
   Compiling unicode-width v0.1.14
   Compiling fallible-iterator v0.3.0
   Compiling bindgen v0.69.5
   Compiling downcast-rs v2.0.2
   Compiling fastdivide v0.4.2
   Compiling inventory v0.3.24
   Compiling turso_ext v0.7.2
   Compiling home v0.5.12
   Compiling which v4.4.2
   Compiling bon v3.10.0
   Compiling miette v7.6.0
   Compiling strum v0.26.3
   Compiling turso_core v0.7.2
   Compiling tantivy-query-grammar v0.26.0
   Compiling idna v1.1.0
   Compiling rand_chacha v0.9.0
   Compiling cexpr v0.6.0
   Compiling rayon v1.12.0
   Compiling lru v0.16.4
   Compiling ghash v0.5.1
   Compiling aes v0.8.4
   Compiling ctr v0.9.2
   Compiling sketches-ddsketch v0.4.1
   Compiling rust-stemmers v1.2.0
   Compiling tantivy-tokenizer-api v0.7.0
   Compiling rand_chacha v0.3.1
   Compiling fs4 v0.13.1
   Compiling aristo-macros v0.4.1
   Compiling aead v0.5.2
   Compiling arc-swap v1.9.2
   Compiling memmap2 v0.9.11
   Compiling http v0.2.12
   Compiling measure_time v0.9.0
   Compiling system-configuration-sys v0.6.0
   Compiling datasketches v0.2.0
   Compiling lz4_flex v0.13.1
   Compiling oneshot v0.1.13
   Compiling lazycell v1.3.0
   Compiling siphasher v1.0.3
   Compiling levenshtein_automata v0.2.1
   Compiling shlex v1.3.0
   Compiling census v0.4.2
   Compiling rustc-hash v2.1.3
   Compiling softaes v0.1.5
   Compiling foldhash v0.1.5
   Compiling mime v0.3.17
   Compiling rustc-hash v1.1.0
   Compiling htmlescape v0.3.1
   Compiling hashbrown v0.15.5
   Compiling fastbloom v0.14.1
   Compiling aristo v0.4.1
   Compiling aes-gcm v0.10.3
   Compiling rand v0.8.8
   Compiling icu_locale v2.3.1
   Compiling icu_collator v2.3.1
   Compiling rand v0.9.5
   Compiling turso_parser v0.7.2
   Compiling url v2.5.8
   Compiling intrusive-collections v0.9.7
   Compiling roaring v0.11.5
   Compiling pack1 v1.1.0
   Compiling twox-hash v2.1.4
   Compiling prost v0.14.4
   Compiling polling v3.11.0
   Compiling rapidhash v4.5.1
   Compiling fixedbitset v0.5.7
   Compiling rustls v0.22.4
   Compiling atomic-waker v1.1.2
   Compiling aws-lc-rs v1.18.1
   Compiling cfg_block v0.1.1
   Compiling bumpalo v3.20.3
   Compiling hex v0.4.3
   Compiling pastey v0.2.3
   Compiling allocator-api2 v0.4.0
   Compiling h2 v0.4.19
   Compiling rustls-webpki v0.102.8
   Compiling http-body v0.4.6
   Compiling prost v0.12.6
   Compiling libmimalloc-sys v0.1.49
   Compiling block-buffer v0.10.4
   Compiling core-foundation v0.9.4
   Compiling security-framework-sys v2.17.0
   Compiling core-foundation v0.10.1
   Compiling indexmap v1.9.3
   Compiling sync_wrapper v1.0.2
   Compiling env_filter v2.0.0
   Compiling zstd v0.13.3
   Compiling thiserror v1.0.69
   Compiling genawaiter-macro v0.99.1
   Compiling fixedbitset v0.4.2
   Compiling symlink v0.1.0
   Compiling turso_sdk_kit v0.7.2
   Compiling tantivy-sstable v0.7.0
   Compiling native-tls v0.2.18
   Compiling petgraph v0.6.5
   Compiling tracing-appender v0.2.5
   Compiling tantivy-columnar v0.7.0
   Compiling genawaiter v0.99.1
   Compiling env_logger v0.11.11
   Compiling security-framework v3.7.0
   Compiling prost-types v0.12.6
   Compiling system-configuration v0.7.0
   Compiling digest v0.10.7
   Compiling h2 v0.3.27
   Compiling tantivy v0.26.1
   Compiling hyper v1.11.1
   Compiling http-body-util v0.1.5
   Compiling thiserror-impl v1.0.69
   Compiling pin-project-internal v1.1.13
   Compiling turso_sdk_kit_macros v0.7.2
   Compiling axum-core v0.3.4
   Compiling socket2 v0.5.10
   Compiling vcpkg v0.2.15
   Compiling ipnet v2.12.1
   Compiling hashbrown v0.12.3
   Compiling matchit v0.7.3
   Compiling hyper-util v0.1.20
   Compiling pin-project v1.1.13
   Compiling libsqlite3-sys v0.38.2
   Compiling hyper v0.14.32
   Compiling prost-types v0.14.4
   Compiling prost-build v0.12.6
   Compiling sha1 v0.10.7
   Compiling tower v0.5.3
   Compiling petgraph v0.8.3
   Compiling webpki-roots v1.0.9
   Compiling axum v0.6.20
   Compiling rustls v0.23.43
   Compiling utf-8 v0.7.6
   Compiling data-encoding v2.11.1
   Compiling webpki-roots v0.26.11
   Compiling tonic-build v0.11.0
   Compiling tower v0.4.13
   Compiling tungstenite v0.21.0
   Compiling prost-build v0.14.4
   Compiling tokio-native-tls v0.3.1
   Compiling mimalloc v0.1.52
   Compiling tokio-rustls v0.25.0
   Compiling serde_urlencoded v0.7.1
   Compiling tokio-io-timeout v1.2.1
   Compiling async-stream-impl v0.3.6
   Compiling sync_wrapper v0.1.2
   Compiling bitflags v1.3.2
   Compiling tokio-tungstenite v0.21.0
   Compiling youtube-adapter-rs v0.1.0 (/Users/insert/Cockatiel/modules/youtube-adapter-rs)
   Compiling hyper-timeout v0.4.1
   Compiling async-stream v0.3.6
   Compiling hyper-tls v0.6.0
   Compiling tower-http v0.6.11
   Compiling axum-core v0.4.5
   Compiling cockatiel_local_server v0.1.0 (/Users/insert/Cockatiel/cockatiel-engine)
   Compiling simple_asn1 v0.6.4
   Compiling tokio-stream v0.1.19
   Compiling pem v3.0.6
   Compiling hashlink v0.12.1
   Compiling serde_path_to_error v0.1.20
   Compiling encoding_rs v0.8.35
   Compiling fallible-streaming-iterator v0.1.9
   Compiling base64 v0.21.7
   Compiling signature v2.2.0
   Compiling axum v0.7.9
   Compiling jsonwebtoken v11.0.0
   Compiling rusqlite v0.40.2
   Compiling tonic v0.11.0
   Compiling reqwest v0.12.28
   Compiling colored v3.1.1
   Compiling database_service v0.1.0 (/Users/insert/Cockatiel/cockatiel-engine/modules/database_service)
   Compiling rustls-webpki v0.103.15
   Compiling tokio-rustls v0.26.4
   Compiling turso_sync_engine v0.7.2
   Compiling turso_sync_sdk_kit v0.7.2
   Compiling turso v0.7.2
   Compiling vulb_lib v0.1.0 (/Users/insert/Cockatiel/cockatiel-engine/vulb_lib)
error[E0599]: no variant, associated function, or constant named `MessageRaw` found for enum `Payload` in the current scope
   --> cockatiel-engine/src/main.rs:264:51
    |
264 | ...                   Some(Payload::MessageRaw(data)) => {
    |                                     ^^^^^^^^^^ variant, associated function, or constant not found in `Payload`
    |
   ::: /Users/insert/Cockatiel/target/debug/build/cockatiel_local_server-04a1e6095b90cc4c/out/cockatiel_protobuf.rs:234:5
    |
234 |     pub enum Payload {
    |     ---------------- variant, associated function, or constant `MessageRaw` not found for this enum

error[E0609]: no field `is_sponsoring` on type `UserData`
   --> cockatiel-engine/src/main.rs:298:123
    |
298 | ...r: {} | Sponsor: {}", user.username, user.is_sponsoring);
    |                                              ^^^^^^^^^^^^^ unknown field
    |
help: a field with a similar name exists
    |
298 -                                         p!("Received UserData state update | User: {} | Sponsor: {}", user.username, user.is_sponsoring);
298 +                                         p!("Received UserData state update | User: {} | Sponsor: {}", user.username, user.is_sponsor);
    |

Some errors have detailed explanations: E0599, E0609.
For more information about an error, try `rustc --explain E0599`.
error: could not compile `cockatiel_local_server` (bin "cockatiel_local_server") due to 2 previous errors
